[debug] [2026-07-29T17:46:16.102Z] ----------------------------------------------------------------------
[debug] [2026-07-29T17:46:16.105Z] Command:       /home/bzquatre/.nvm/versions/node/v20.20.2/bin/node /home/bzquatre/.nvm/versions/node/v20.20.2/bin/firebase init
[debug] [2026-07-29T17:46:16.106Z] CLI Version:   15.18.0
[debug] [2026-07-29T17:46:16.106Z] Platform:      linux
[debug] [2026-07-29T17:46:16.107Z] Node Version:  v20.20.2
[debug] [2026-07-29T17:46:16.107Z] Time:          Wed Jul 29 2026 18:46:16 GMT+0100 (Central European Standard Time)
[debug] [2026-07-29T17:46:16.107Z] ----------------------------------------------------------------------
[debug] 
[info] 
     ######## #### ########  ######## ########     ###     ######  ########
     ##        ##  ##     ## ##       ##     ##  ##   ##  ##       ##
     ######    ##  ########  ######   ########  #########  ######  ######
     ##        ##  ##    ##  ##       ##     ## ##     ##       ## ##
     ##       #### ##     ## ######## ########  ##     ##  ######  ########

You're about to initialize a Firebase project in this directory:

  /home/bzquatre/Projects/ecommerce

[info] 
=== Project Setup
[info] 
[info] First, let's associate this project directory with a Firebase project.
[info] You can create multiple project aliases by running firebase use --add, 
[info] 
[debug] [2026-07-29T17:46:23.950Z] > command requires scopes: ["email","openid","https://www.googleapis.com/auth/cloudplatformprojects.readonly","https://www.googleapis.com/auth/firebase","https://www.googleapis.com/auth/cloud-platform"]
[debug] [2026-07-29T17:46:23.953Z] > authorizing via signed-in user (contact.zeedcom@gmail.com)
[debug] [2026-07-29T17:46:23.966Z] Checked if tokens are valid: true, expires at: 1785350675144
[debug] [2026-07-29T17:46:23.967Z] Checked if tokens are valid: true, expires at: 1785350675144
[debug] [2026-07-29T17:46:23.984Z] >>> [apiv2][query] GET https://firebase.googleapis.com/v1beta1/projects/zeedcom-store [none]
[debug] [2026-07-29T17:46:24.592Z] <<< [apiv2][status] GET https://firebase.googleapis.com/v1beta1/projects/zeedcom-store 200
[debug] [2026-07-29T17:46:24.593Z] <<< [apiv2][body] GET https://firebase.googleapis.com/v1beta1/projects/zeedcom-store {"projectId":"zeedcom-store","projectNumber":"984576695789","displayName":"zeedcom-store","name":"projects/zeedcom-store","resources":{"hostingSite":"zeedcom-store"},"state":"ACTIVE","labels":{"firebase":"enabled"},"etag":"1_ec8c9319-7581-4d62-87ae-69b6dfa96319"}
[info] i  Using project zeedcom-store (zeedcom-store) . 
[info] 
=== Hosting Setup
[info] 
[debug] [2026-07-29T17:47:03.507Z] Checked if tokens are valid: true, expires at: 1785350675144
[debug] [2026-07-29T17:47:03.508Z] Checked if tokens are valid: true, expires at: 1785350675144
[debug] [2026-07-29T17:47:03.510Z] >>> [apiv2][query] GET https://firebase.googleapis.com/v1beta1/projects/zeedcom-store [none]
[debug] [2026-07-29T17:47:03.916Z] <<< [apiv2][status] GET https://firebase.googleapis.com/v1beta1/projects/zeedcom-store 200
[debug] [2026-07-29T17:47:03.916Z] <<< [apiv2][body] GET https://firebase.googleapis.com/v1beta1/projects/zeedcom-store {"projectId":"zeedcom-store","projectNumber":"984576695789","displayName":"zeedcom-store","name":"projects/zeedcom-store","resources":{"hostingSite":"zeedcom-store"},"state":"ACTIVE","labels":{"firebase":"enabled"},"etag":"1_ec8c9319-7581-4d62-87ae-69b6dfa96319"}
[info] 
[info] Your public directory is the folder (relative to your project directory) that
[info] will contain Hosting assets to be uploaded with firebase deploy. If you
[info] have a build process for your assets, use your build's output directory.
[info] 
